
> solutions@0.0.0 test
> jest src/features/guest/GuestGateway.test.tsx

node.exe : FAIL 
src/features/guest/GuestGateway.test.tsx
At line:1 char:1
+ & "C:\Program Files\nodejs/node.exe" 
"C:\Program Files\nodejs/node_mo ...
+ ~~~~~~~~~~~~~~~~~~~~~~~~~~~~~~~~~~~~~~~~~~~
~~~~~~~~~~~~~~~~~~~~~~~~~~
    + CategoryInfo          : NotSpecified:  
   (FAIL src/featur...ateway.test.tsx:Strin  
  g) [], RemoteException
    + FullyQualifiedErrorId : NativeCommandE 
   rror
 
  GuestGateway
    ΓêÜ renders correctly (28 ms)
    ├ù shows error on invalid email (1036 ms)
    ΓêÜ calls access granted and saves visit 
on valid email (41 ms)

  ΓùÅ GuestGateway ΓÇ║ shows error on 
invalid email

    Unable to find an element with the text: 
Please enter a valid email address.. This 
could be because the text is broken up by 
multiple elements. In this case, you can 
provide a function for your text matcher to 
make your matcher more flexible.

    Ignored nodes: comments, script, style
    [36m<body>[39m
      [36m<div>[39m
        [36m<div[39m
          
[33mclass[39m=[32m"gateway-container"[39m
        [36m>[39m
          [36m<div[39m
            
[33mclass[39m=[32m"gateway-card 
animate-scale-in"[39m
          [36m>[39m
            [36m<div[39m
              
[33mclass[39m=[32m"gateway-header"[39m
            [36m>[39m
              [36m<h1[39m
                
[33mclass[39m=[32m"gateway-title"[39m
              [36m>[39m
                [0mWelcome to Vogel 
Solutions[0m
              [36m</h1>[39m
              [36m<p[39m
                
[33mclass[39m=[32m"gateway-subtitle"[39m
              [36m>[39m
                [0mPlease identify yourself 
to continue[0m
              [36m</p>[39m
            [36m</div>[39m
            [36m<div[39m
              
[33mclass[39m=[32m"gateway-actions"[39m
            [36m>[39m
              [36m<form[39m
                
[33mclass[39m=[32m"guest-form"[39m
              [36m>[39m
                [36m<div[39m
                  
[33mclass[39m=[32m"form-group"[39m
                [36m>[39m
                  [36m<label[39m
                    
[33mclass[39m=[32m"sr-only"[39m
                    
[33mfor[39m=[32m"guest-email"[39m
                  [36m>[39m
                    [0mEmail Address[0m
                  [36m</label>[39m
                  [36m<input[39m
                    
[33mclass[39m=[32m"gateway-input"[39m
                    
[33mid[39m=[32m"guest-email"[39m
                    [33mplaceholder[39m=[3
2m"enter@email.com"[39m
                    
[33mtype[39m=[32m"email"[39m
                    
[33mvalue[39m=[32m"invalid-email"[39m
                  [36m/>[39m
                [36m</div>[39m
                [36m<button[39m
                  [33mclass[39m=[32m"btn 
btn-primary btn-block"[39m
                  
[33mtype[39m=[32m"submit"[39m
                [36m>[39m
                  [0mContinue as Guest[0m
                [36m</button>[39m
              [36m</form>[39m
              [36m<div[39m
                
[33mclass[39m=[32m"gateway-divider"[39m
              [36m>[39m
                [36m<span>[39m
                  [0mOR[0m
                [36m</span>[39m
              [36m</div>[39m
              [36m<button[39m
                [33mclass[39m=[32m"btn 
btn-outline btn-block"[39m
              [36m>[39m
                [0mLogin with Password[0m
              [36m</button>[39m
            [36m</div>[39m
          [36m</div>[39m
        [36m</div>[39m
      [36m</div>[39m
    [36m</body>[39m

    [0m [90m 51 |[39m         
fireEvent[33m.[39mclick(button)[33m;[39m
     [90m 52 |[39m
    [31m[1m>[22m[39m[90m 53 |[39m      
   expect([36mawait[39m 
screen[33m.[39mfindByText([32m'Please 
enter a valid email address.'[39m))[33m.[3
9mtoBeInTheDocument()[33m;[39m
     [90m    |[39m                         
    [31m[1m^[22m[39m
     [90m 54 |[39m     })[33m;[39m
     [90m 55 |[39m
     [90m 56 |[39m     test([32m'calls 
access granted and saves visit on valid 
email'[39m[33m,[39m [36masync[39m () 
[33m=>[39m {[0m

      at waitForWrapper (node_modules/@testin
g-library/dom/dist/wait-for.js:163:27)
      at node_modules/@testing-library/dom/di
st/query-helpers.js:86:33
      at Object.<anonymous> (src/features/gue
st/GuestGateway.test.tsx:53:29)

Test Suites: 1 failed, 1 total
Tests:       1 failed, 2 passed, 3 total
Snapshots:   0 total
Time:        2.539 s
Ran all test suites matching 
src/features/guest/GuestGateway.test.tsx.
